[2026-08-04T15:04:53+05:30] User registration errors: {"name":"Name is required.","email":"Email is already in use.","mobile":"Mobile number is required.","department_id":"Department is required.","designation_id":"Designation is required.","confirm_password":"Confirm password is required."}
[2026-08-04T16:26:57+05:30] Asset update validation failed: ["Warranty date cannot be earlier than purchase date."]
[2026-08-04T16:27:42+05:30] Asset update validation failed: ["Warranty date cannot be earlier than purchase date."]
[2026-08-05T10:21:35+05:30] Asset update validation failed: ["Model is required."]
[2026-08-05T10:22:23+05:30] Asset update validation failed: ["Model is required."]
[2026-08-05T10:23:24+05:30] Asset update validation failed: ["Model is required."]
[2026-08-05T10:23:26+05:30] Asset update validation failed: ["Model is required.","Status is required."]
[2026-08-05T10:23:36+05:30] Asset update validation failed: ["Model is required.","Status is required."]
[2026-08-05T10:24:34+05:30] Asset update validation failed: ["Model is required.","Serial number is required.","Status is required."]
[2026-08-05T10:24:41+05:30] Asset update validation failed: ["Serial number is required."]
[2026-08-05T10:28:37+05:30] Asset update validation failed: {"serial_number":"Serial number is required.","status":"Status is required."}
[2026-08-05T10:28:43+05:30] Asset update validation failed: {"model":"Model is required.","serial_number":"Serial number is required.","status":"Status is required."}
[2026-08-05T10:29:40+05:30] Asset update validation failed: {"status":"Status is required."}
[2026-08-05T10:29:52+05:30] Asset update validation failed: {"status":"Status is required."}
[2026-08-05T10:30:24+05:30] Asset update validation failed: {"status":"Status is required."}
[2026-08-05T10:31:08+05:30] Asset update validation failed: {"category_id":"Category id is required."}
[2026-08-05T10:31:34+05:30] Asset update validation failed: {"category_id":"Category id is required.","vendor_id":"Vendor id is required.","status":"Status is required."}
[2026-08-05T10:32:42+05:30] Asset update validation failed: {"status":"Status is required."}
[2026-08-05T10:36:57+05:30] Asset update validation failed: {"status":"Status is required."}
[2026-08-05T10:37:17+05:30] Asset update validation failed: {"status":"Status is required.","0":"Warranty date cannot be earlier than purchase date."}
[2026-08-05T10:37:21+05:30] Asset update validation failed: ["Warranty date cannot be earlier than purchase date."]
[2026-08-05T10:39:24+05:30] Asset update validation failed: {"warranty_date":"Warranty date cannot be earlier than purchase date."}
[2026-08-05T10:40:07+05:30] Asset update validation failed: {"warranty_date":"Warranty date cannot be earlier than purchase date."}
[2026-08-05T10:40:29+05:30] Asset update validation failed: {"warranty_date":"Warranty date cannot be earlier than purchase date."}
[2026-08-05T10:40:41+05:30] Asset update validation failed: {"cost":"Cost is required.","warranty_date":"Warranty date cannot be earlier than purchase date."}
[2026-08-05T10:40:46+05:30] Asset update validation failed: {"cost":"Cost is required.","status":"Status is required.","warranty_date":"Warranty date cannot be earlier than purchase date."}
[2026-08-05T10:41:37+05:30] Asset update validation failed: {"name":"Name is required."}
[2026-08-05T10:41:51+05:30] Asset update validation failed: {"name":"Name is required.","serial_number":"Serial number is required."}
[2026-08-05T10:41:55+05:30] Asset update validation failed: {"name":"Name is required.","brand":"Brand is required.","serial_number":"Serial number is required."}
[2026-08-05T10:43:59+05:30] Asset update validation failed: {"name":"Name is required.","category_id":"Category id is required.","brand":"Brand is required.","model":"Model is required.","serial_number":"Serial number is required.","vendor_id":"Vendor id is required.","cost":"Cost is required.","status":"Status is required."}
[2026-08-05T10:44:07+05:30] Asset update validation failed: {"name":"Name is required.","category_id":"Category id is required.","brand":"Brand is required.","model":"Model is required.","serial_number":"Serial number is required.","vendor_id":"Vendor id is required.","cost":"Cost is required.","status":"Status is required.","warranty_date":"Warranty date cannot be earlier than purchase date."}
[2026-08-05T10:50:16+05:30] Asset update validation failed: {"name":"Name is required."}
[2026-08-05T10:50:40+05:30] Asset update validation failed: {"name":"Name is required."}
[2026-08-05T10:50:58+05:30] Asset update validation failed: {"name":"Name is required."}
[2026-08-05T10:51:01+05:30] Asset update validation failed: {"name":"Name is required."}
[2026-08-05T10:52:24+05:30] Asset update validation failed: {"name":"Name is required.","category_id":"Category id is required.","brand":"Brand is required.","model":"Model is required.","serial_number":"Serial number is required.","vendor_id":"Vendor id is required.","cost":"Cost is required.","status":"Status is required.","warranty_date":"Warranty date cannot be earlier than purchase date."}
[2026-08-05T10:52:57+05:30] Asset update validation failed: {"name":"Name is required.","category_id":"Category id is required.","brand":"Brand is required.","model":"Model is required.","serial_number":"Serial number is required.","vendor_id":"Vendor id is required.","cost":"Cost is required.","status":"Status is required.","warranty_date":"Warranty date cannot be earlier than purchase date."}
[2026-08-05T10:53:18+05:30] Asset update validation failed: {"name":"Name is required.","category_id":"Category id is required.","brand":"Brand is required.","model":"Model is required.","vendor_id":"Vendor id is required.","cost":"Cost is required.","status":"Status is required.","warranty_date":"Warranty date cannot be earlier than purchase date."}
[2026-08-05T10:58:34+05:30] Asset update validation failed: {"serial_number":"This serial number is already in use."}
[2026-08-05T11:51:44+05:30] Asset validation failed: {"name":"Name is required.","category_id":"Category id is required.","brand":"Brand is required.","model":"Model is required.","serial_number":"Serial number is required.","purchase_date":"Purchase date is required.","warranty_date":"Warranty date is required.","vendor_id":"Vendor id is required.","cost":"Cost is required.","status":"Status is required."}
[2026-08-05T11:51:50+05:30] Asset validation failed: {"name":"Name is required.","category_id":"Category id is required.","brand":"Brand is required.","model":"Model is required.","serial_number":"Serial number is required.","purchase_date":"Purchase date is required.","warranty_date":"Warranty date is required.","vendor_id":"Vendor id is required.","cost":"Cost is required.","status":"Status is required."}
[2026-08-05T11:52:07+05:30] Asset validation failed: {"name":"Name is required.","category_id":"Category id is required.","brand":"Brand is required.","model":"Model is required.","serial_number":"Serial number is required.","purchase_date":"Purchase date is required.","warranty_date":"Warranty date is required.","vendor_id":"Vendor id is required.","cost":"Cost is required.","status":"Status is required."}
[2026-08-05T11:52:18+05:30] Asset update validation failed: {"brand":"Brand is required."}
[2026-08-05T11:52:23+05:30] Asset update validation failed: {"name":"Name is required.","brand":"Brand is required."}
[2026-08-05T11:53:22+05:30] Asset update validation failed: {"name":"Name is required.","brand":"Brand is required."}
[2026-08-05T11:53:27+05:30] Asset validation failed: {"name":"Name is required.","category_id":"Category id is required.","brand":"Brand is required.","model":"Model is required.","serial_number":"Serial number is required.","purchase_date":"Purchase date is required.","warranty_date":"Warranty date is required.","vendor_id":"Vendor id is required.","cost":"Cost is required.","status":"Status is required."}
[2026-08-05T11:53:45+05:30] Asset update validation failed: {"name":"Name is required.","brand":"Brand is required."}
[2026-08-05T11:56:06+05:30] Asset validation failed: {"name":"Name is required.","category_id":"Category id is required.","brand":"Brand is required.","model":"Model is required.","serial_number":"Serial number is required.","purchase_date":"Purchase date is required.","warranty_date":"Warranty date is required.","vendor_id":"Vendor id is required.","cost":"Cost is required.","status":"Status is required."}
[2026-08-05T11:56:17+05:30] Asset validation failed: {"name":"Name is required.","category_id":"Category id is required.","brand":"Brand is required.","model":"Model is required.","serial_number":"Serial number is required.","purchase_date":"Purchase date is required.","warranty_date":"Warranty date is required.","vendor_id":"Vendor id is required.","cost":"Cost is required.","status":"Status is required."}
[2026-08-05T12:00:27+05:30] Asset validation failed: {"name":"Name is required.","category_id":"Category id is required.","brand":"Brand is required.","model":"Model is required.","serial_number":"Serial number is required.","purchase_date":"Purchase date is required.","warranty_date":"Warranty date is required.","vendor_id":"Vendor id is required.","cost":"Cost is required."}
[2026-08-05T12:01:20+05:30] Asset validation failed: {"warranty_date":"Warranty date cannot be earlier than purchase date.","serial_number":"This serial number is already in use."}
[2026-08-05T15:46:13+05:30] Asset update validation failed: {"category_id":"Category id is required."}
[2026-08-05T15:51:32+05:30] Asset update validation failed: {"category_id":"Category is not valid."}
[2026-08-05T15:51:53+05:30] Asset update validation failed: {"category_id":"Invalid category."}
[2026-08-05T15:52:02+05:30] Asset update validation failed: {"category_id":"Invalid category."}
[2026-08-05T15:52:05+05:30] Asset update validation failed: {"category_id":"Invalid category."}
[2026-08-05T15:52:42+05:30] Asset update validation failed: {"category_id":"Category is not valid."}
[2026-08-05T15:52:44+05:30] Asset update validation failed: {"category_id":"Category is not valid."}
[2026-08-05T15:52:50+05:30] Asset update validation failed: {"category_id":"Category is not valid."}
[2026-08-05T15:53:38+05:30] Asset update validation failed: {"category_id":"Category id is required."}
[2026-08-05T15:53:47+05:30] Asset update validation failed: {"category_id":"Category is not valid."}
[2026-08-05T15:53:50+05:30] Asset update validation failed: {"category_id":"Category is not valid."}
[2026-08-05T15:54:01+05:30] Asset update validation failed: {"category_id":"Category is not valid."}
[2026-08-05T15:55:35+05:30] Asset update validation failed: {"category_id":"Category is not valid."}
[2026-08-05T15:56:01+05:30] Asset update validation failed: {"category_id":"Category is not valid."}
[2026-08-05T15:58:06+05:30] Asset update validation failed: {"category_id":"Category is not valid."}
[2026-08-05T15:59:42+05:30] Asset update validation failed: {"category_id":"Category is not valid."}
[2026-08-05T16:00:49+05:30] Asset update validation failed: {"category_id":"Category is not valid."}
[2026-08-05T16:00:52+05:30] Asset update validation failed: {"category_id":"Category is not valid."}
[2026-08-05T16:02:46+05:30] Asset update validation failed: {"vendor_id":"Vendor id is required."}
[2026-08-05T16:06:06+05:30] Asset update validation failed: {"vendor_id":"Vendor id is required."}
[2026-08-05T16:06:20+05:30] Asset update validation failed: {"vendor_id":"Vendor is not valid."}
[2026-08-05T16:08:38+05:30] Asset update validation failed: {"vendor_id":"Vendor is not valid."}
[2026-08-05T16:10:48+05:30] Asset update error: PDOException: SQLSTATE[42S02]: Base table or view not found: 1146 Table 'asset_tracker.vensdors' doesn't exist in C:\xampp\htdocs\AssetTracker\app\Models\Asset.php:78
Stack trace:
#0 C:\xampp\htdocs\AssetTracker\app\Models\Asset.php(78): PDO->query('select id from ...')
#1 C:\xampp\htdocs\AssetTracker\app\Controllers\Asset\CreateAssetController.php(168): App\Models\Asset->validate(Array, 16)
#2 C:\xampp\htdocs\AssetTracker\public\index.php(142): App\Controllers\Asset\CreateAssetController->update(16, Array)
#3 {main}
[2026-08-05T16:10:51+05:30] Asset update error: PDOException: SQLSTATE[42S02]: Base table or view not found: 1146 Table 'asset_tracker.vensdors' doesn't exist in C:\xampp\htdocs\AssetTracker\app\Models\Asset.php:78
Stack trace:
#0 C:\xampp\htdocs\AssetTracker\app\Models\Asset.php(78): PDO->query('select id from ...')
#1 C:\xampp\htdocs\AssetTracker\app\Controllers\Asset\CreateAssetController.php(168): App\Models\Asset->validate(Array, 16)
#2 C:\xampp\htdocs\AssetTracker\public\index.php(142): App\Controllers\Asset\CreateAssetController->update(16, Array)
#3 {main}
[2026-08-05T16:10:53+05:30] Asset update error: PDOException: SQLSTATE[42S02]: Base table or view not found: 1146 Table 'asset_tracker.vensdors' doesn't exist in C:\xampp\htdocs\AssetTracker\app\Models\Asset.php:78
Stack trace:
#0 C:\xampp\htdocs\AssetTracker\app\Models\Asset.php(78): PDO->query('select id from ...')
#1 C:\xampp\htdocs\AssetTracker\app\Controllers\Asset\CreateAssetController.php(168): App\Models\Asset->validate(Array, 16)
#2 C:\xampp\htdocs\AssetTracker\public\index.php(142): App\Controllers\Asset\CreateAssetController->update(16, Array)
#3 {main}
[2026-08-05T16:15:24+05:30] Asset update validation failed: {"vendor_id":"Vendor id is required.","status":"Status is required."}
[2026-08-05T16:15:35+05:30] Asset update validation failed: {"vendor_id":"Vendor id is required.","status":"Status is required."}
[2026-08-05T16:25:58+05:30] SQLSTATE[42S02]: Base table or view not found: 1146 Table 'asset_tracker.vensdors' doesn't exist
[2026-08-05T16:26:10+05:30] SQLSTATE[42S02]: Base table or view not found: 1146 Table 'asset_tracker.vensdors' doesn't exist
[2026-08-05T16:26:19+05:30] SQLSTATE[42S02]: Base table or view not found: 1146 Table 'asset_tracker.vensdors' doesn't exist
[2026-08-05T16:26:27+05:30] SQLSTATE[42S02]: Base table or view not found: 1146 Table 'asset_tracker.vensdors' doesn't exist
[2026-08-05T16:27:35+05:30] Asset update validation failed: {"serial_number":"This serial number is already in use."}
[2026-08-05T16:28:00+05:30] Asset update validation failed: {"vendor_id":"Vendor is not valid."}
[2026-08-05T16:28:35+05:30] Asset update validation failed: {"status":"Status is required."}
[2026-08-05T16:28:43+05:30] Asset update validation failed: {"status":"Status is not valid."}
[2026-08-05T16:28:56+05:30] Asset update validation failed: {"status":"Status is not valid."}
[2026-08-06T16:00:58+05:30] Asset update validation failed: {"serial_number":"This serial number is already in use."}
[2026-08-06T16:01:54+05:30] Asset update validation failed: {"serial_number":"This serial number is already in use."}
[2026-08-06T16:03:30+05:30] Asset update validation failed: {"serial_number":"This serial number is already in use."}
[2026-08-06T16:03:34+05:30] Asset update validation failed: {"serial_number":"This serial number is already in use."}
[2026-08-07T11:06:30+05:30] User registration errors: {"name":"Name is required.","email":"Email is already in use.","mobile":"Mobile number is required.","department_id":"Department is required.","designation_id":"Designation is required.","confirm_password":"Confirm password is required."}
[2026-08-07T11:06:42+05:30] User registration errors: {"name":"Name is required.","email":"Email is already in use.","mobile":"Mobile number is required.","department_id":"Department is required.","designation_id":"Designation is required.","confirm_password":"Confirm password is required."}
[2026-08-07T11:06:44+05:30] User registration errors: {"name":"Name is required.","email":"Email is already in use.","mobile":"Mobile number is required.","department_id":"Department is required.","designation_id":"Designation is required.","confirm_password":"Confirm password is required."}
[2026-08-07T11:07:05+05:30] User registration errors: {"email":"Email is already in use.","mobile":"Mobile number is required.","department_id":"Department is required.","designation_id":"Designation is required.","confirm_password":"Confirm password is required."}
[2026-08-07T11:07:12+05:30] User registration errors: {"mobile":"Mobile number is required.","department_id":"Department is required.","designation_id":"Designation is required.","confirm_password":"Confirm password is required."}
[2026-08-07T11:07:15+05:30] User registration errors: {"mobile":"Mobile number is already in use.","department_id":"Department is required.","designation_id":"Designation is required.","password":"Password is required.","confirm_password":"Confirm password is required."}
[2026-08-07T11:07:20+05:30] User registration errors: {"department_id":"Department is required.","designation_id":"Designation is required.","password":"Password is required.","confirm_password":"Confirm password is required."}
[2026-08-07T11:07:27+05:30] User registration errors: {"designation_id":"Designation is required.","password":"Password is required.","confirm_password":"Confirm password is required."}
[2026-08-07T11:07:31+05:30] User registration errors: {"password":"Password is required.","confirm_password":"Confirm password is required."}
[2026-08-07T11:07:34+05:30] User registration errors: {"password":"Password must be 6 or more characters.","confirm_password":"Confirm password is required."}
[2026-08-07T11:07:37+05:30] User registration errors: {"confirm_password":"Confirm password is required."}
[2026-08-07T11:07:42+05:30] User registration errors: {"confirm_password":"Passwords do not match."}
[2026-08-07T11:09:45+05:30] User registration errors: {"name":"Name is required.","email":"Email is already in use.","mobile":"Mobile number is required.","department_id":"Department is required.","designation_id":"Designation is required.","confirm_password":"Confirm password is required."}
[2026-08-07T11:54:13+05:30] User registration errors: {"name":"Name is required.","email":"Email is already in use.","mobile":"Mobile number is required.","department_id":"Department is required.","designation_id":"Designation is required.","confirm_password":"Confirm password is required."}
[2026-08-07T11:54:39+05:30] User registration errors: {"email":"Email format is invalid."}
[2026-08-07T11:54:59+05:30] User registration errors: {"email":"Email is already in use."}
